[themes.themewild.com/vidstream/index2612.html]
[backblue.gif]
[fade.gif]
[index.html]
[themes.themewild.com/vidstream/assets/images/favicon.png]
[themes.themewild.com/vidstream/assets/css/bootstrap.min.css]
[themes.themewild.com/vidstream/assets/css/typography.css]
[themes.themewild.com/vidstream/assets/css/style.css]
[themes.themewild.com/vidstream/assets/css/responsive.css]
[themes.themewild.com/vidstream/index.html]
[themes.themewild.com/vidstream/assets/images/logo.png]
[themes.themewild.com/vidstream/index-2.html]
[themes.themewild.com/vidstream/index-3.html]
[themes.themewild.com/vidstream/movie-category.html]
[themes.themewild.com/vidstream/manage-profile.html]
[themes.themewild.com/vidstream/setting.html]
[themes.themewild.com/vidstream/about.html]
[themes.themewild.com/vidstream/error-404.html]
[themes.themewild.com/vidstream/pricing-plan.html]
[themes.themewild.com/vidstream/login.html]
[themes.themewild.com/vidstream/register.html]
[themes.themewild.com/vidstream/reset-password.html]
[themes.themewild.com/vidstream/faq.html]
[themes.themewild.com/vidstream/my-profile.html]
[themes.themewild.com/vidstream/account-settings.html]
[themes.themewild.com/vidstream/watch-video.html]
[themes.themewild.com/vidstream/privacy-policy.html]
[themes.themewild.com/vidstream/terms-conditions.html]
[themes.themewild.com/vidstream/show-category.html]
[themes.themewild.com/vidstream/show-single.html]
[themes.themewild.com/vidstream/show-details.html]
[themes.themewild.com/vidstream/movie-single.html]
[themes.themewild.com/vidstream/movie-details.html]
[themes.themewild.com/vidstream/blog.html]
[themes.themewild.com/vidstream/blog-details.html]
[themes.themewild.com/vidstream/contact.html]
[themes.themewild.com/vidstream/assets/images/notify/thumb-1.jpg]
[themes.themewild.com/vidstream/assets/images/notify/thumb-2.jpg]
[themes.themewild.com/vidstream/assets/images/notify/thumb-3.jpg]
[themes.themewild.com/vidstream/assets/images/user/user.png]
[themes.themewild.com/vidstream/account-setting.html]
[themes.themewild.com/vidstream/assets/images/slider/slider1.jpg]
[themes.themewild.com/vidstream/assets/images/slider/slider2.jpg]
[themes.themewild.com/vidstream/assets/images/slider/slider3.jpg]
[themes.themewild.com/vidstream/assets/images/favorite/01.jpg]
[themes.themewild.com/vidstream/assets/images/favorite/02.jpg]
[themes.themewild.com/vidstream/assets/images/favorite/03.jpg]
[themes.themewild.com/vidstream/assets/images/favorite/04.jpg]
[themes.themewild.com/vidstream/assets/images/favorite/05.jpg]
[themes.themewild.com/vidstream/assets/images/upcoming/01.jpg]
[themes.themewild.com/vidstream/assets/images/upcoming/02.jpg]
[themes.themewild.com/vidstream/assets/images/upcoming/03.jpg]
[themes.themewild.com/vidstream/assets/images/upcoming/04.jpg]
[themes.themewild.com/vidstream/assets/images/upcoming/05.jpg]
[themes.themewild.com/vidstream/assets/images/top-10/01.jpg]
[themes.themewild.com/vidstream/assets/images/top-10/02.jpg]
[themes.themewild.com/vidstream/assets/images/top-10/03.jpg]
[themes.themewild.com/vidstream/assets/images/top-10/04.jpg]
[themes.themewild.com/vidstream/assets/images/top-10/05.jpg]
[themes.themewild.com/vidstream/assets/images/top-10/06.jpg]
[themes.themewild.com/vidstream/assets/images/suggested/01.jpg]
[themes.themewild.com/vidstream/assets/images/suggested/02.jpg]
[themes.themewild.com/vidstream/assets/images/suggested/03.jpg]
[themes.themewild.com/vidstream/assets/images/suggested/04.jpg]
[themes.themewild.com/vidstream/assets/images/suggested/05.jpg]
[themes.themewild.com/vidstream/assets/images/parallax/p1.jpg]
[themes.themewild.com/vidstream/assets/images/trending/01.jpg]
[themes.themewild.com/vidstream/assets/images/trending/02.jpg]
[themes.themewild.com/vidstream/assets/images/trending/03.jpg]
[themes.themewild.com/vidstream/assets/images/trending/04.jpg]
[themes.themewild.com/vidstream/assets/images/trending/05.jpg]
[themes.themewild.com/vidstream/assets/images/trending/06.jpg]
[themes.themewild.com/vidstream/assets/images/tvthrillers/01.jpg]
[themes.themewild.com/vidstream/assets/images/tvthrillers/02.jpg]
[themes.themewild.com/vidstream/assets/images/tvthrillers/03.jpg]
[themes.themewild.com/vidstream/assets/images/tvthrillers/04.jpg]
[themes.themewild.com/vidstream/assets/images/tvthrillers/05.jpg]
[themes.themewild.com/vidstream/assets/js/jquery-3.4.1.min.js]
[themes.themewild.com/vidstream/assets/js/popper.min.js]
[themes.themewild.com/vidstream/assets/js/bootstrap.min.js]
[themes.themewild.com/vidstream/assets/js/slick.min.js]
[themes.themewild.com/vidstream/assets/js/owl.carousel.min.js]
[themes.themewild.com/vidstream/assets/js/select2.min.js]
[themes.themewild.com/vidstream/assets/js/jquery.magnific-popup.min.js]
[themes.themewild.com/vidstream/assets/js/slick-animation.min.js]
[themes.themewild.com/vidstream/index2612.html]
[themes.themewild.com/vidstream/assets/css/bootstrap.min.css]
[themes.themewild.com/vidstream/assets/js/custom.js]
[themes.themewild.com/vidstream/assets/css/variable.css]
[themes.themewild.com/vidstream/assets/css/all.min.css]
[themes.themewild.com/vidstream/assets/css/remixicon.css]
[themes.themewild.com/vidstream/assets/css/slick.css]
[themes.themewild.com/vidstream/assets/css/slick-theme.css]
[themes.themewild.com/vidstream/assets/css/owl.carousel.min.css]
[themes.themewild.com/vidstream/assets/css/animate.min.css]
[themes.themewild.com/vidstream/assets/css/magnific-popup.css]
[themes.themewild.com/vidstream/assets/css/select2.min.css]
[themes.themewild.com/vidstream/assets/css/select2-bootstrap4.min.css]
[themes.themewild.com/vidstream/assets/css/dark.css]
[themes.themewild.com/vidstream/assets/css/slick-animation.css]
[themes.themewild.com/vidstream/assets/fonts/helvetica/HelveticaNeueBold.woff]
[themes.themewild.com/vidstream/assets/images/loader.svg]
[themes.themewild.com/vidstream/assets/css/typography.css]
[themes.themewild.com/vidstream/assets/images/menu.png]
[themes.themewild.com/vidstream/assets/images/texure.jpg]
[themes.themewild.com/vidstream/assets/images/shows-banner/single-show.jpg]
[themes.themewild.com/vidstream/assets/css/style.css]
[themes.themewild.com/vidstream/assets/css/responsive.css]
[themes.themewild.com/vidstream/index.html]
[themes.themewild.com/vidstream/index-2.html]
[themes.themewild.com/vidstream/index-3.html]
[themes.themewild.com/vidstream/assets/images/banner/title.jpg]
[themes.themewild.com/vidstream/assets/images/movie-banner/01.jpg]
[themes.themewild.com/vidstream/assets/images/movie-banner/02.jpg]
[themes.themewild.com/vidstream/assets/images/movie-banner/03.jpg]
[themes.themewild.com/vidstream/assets/images/movies/01.jpg]
[themes.themewild.com/vidstream/assets/images/movies/02.jpg]
[themes.themewild.com/vidstream/assets/images/movies/03.jpg]
[themes.themewild.com/vidstream/assets/images/movies/04.jpg]
[themes.themewild.com/vidstream/assets/images/movies/05.jpg]
[themes.themewild.com/vidstream/assets/images/movies/06.jpg]
[themes.themewild.com/vidstream/assets/images/movies/07.jpg]
[themes.themewild.com/vidstream/assets/images/movies/08.jpg]
[themes.themewild.com/vidstream/assets/images/movies/09.jpg]
[themes.themewild.com/vidstream/show-signle.html]
[themes.themewild.com/vidstream/movie-category.html]
[themes.themewild.com/vidstream/manage-profile.html]
[themes.themewild.com/vidstream/setting.html]
[themes.themewild.com/vidstream/assets/images/about/about.jpg]
[themes.themewild.com/vidstream/about.html]
[themes.themewild.com/vidstream/error-404.html]
[themes.themewild.com/vidstream/pricing-plan.html]
[themes.themewild.com/vidstream/login.html]
[themes.themewild.com/vidstream/register.html]
[themes.themewild.com/vidstream/reset-password.html]
[themes.themewild.com/vidstream/faq.html]
[themes.themewild.com/cdn-cgi/scripts/5c5dd728/cloudflare-static/email-decode.min.js]
[themes.themewild.com/vidstream/my-profile.html]
[themes.themewild.com/vidstream/assets/js/flatpickr.min.js]
[themes.themewild.com/vidstream/account-settings.html]
[themes.themewild.com/vidstream/assets/video/sample-video.mp4]
[themes.themewild.com/vidstream/watch-video.html]
[themes.themewild.com/vidstream/privacy-policy.html]
[themes.themewild.com/vidstream/terms-conditions.html]
[themes.themewild.com/vidstream/assets/images/shows-banner/show-1.jpg]
[themes.themewild.com/vidstream/assets/images/shows-banner/show-2.jpg]
[themes.themewild.com/vidstream/assets/images/shows-banner/show-3.jpg]
[themes.themewild.com/vidstream/assets/images/tvthrillers/06.jpg]
[themes.themewild.com/vidstream/assets/images/tvthrillers/07.jpg]
[themes.themewild.com/vidstream/assets/images/tvthrillers/08.jpg]
[themes.themewild.com/vidstream/assets/images/tvthrillers/09.jpg]
[themes.themewild.com/vidstream/show-category.html]
[themes.themewild.com/vidstream/show-single.html]
[themes.themewild.com/vidstream/assets/images/episodes/01.jpg]
[themes.themewild.com/vidstream/assets/images/episodes/02.jpg]
[themes.themewild.com/vidstream/assets/images/episodes/03.jpg]
[themes.themewild.com/vidstream/assets/images/episodes/04.jpg]
[themes.themewild.com/vidstream/assets/images/episodes/05.jpg]
[themes.themewild.com/vidstream/assets/images/episodes/06.jpg]
[themes.themewild.com/vidstream/assets/images/episodes/07.jpg]
[themes.themewild.com/vidstream/assets/images/episodes/08.jpg]
[themes.themewild.com/vidstream/assets/images/episodes/09.jpg]
[themes.themewild.com/vidstream/assets/images/episodes/10.jpg]
[themes.themewild.com/vidstream/show-details.html]
[themes.themewild.com/vidstream/movie-single.html]
[themes.themewild.com/vidstream/movie-details.html]
[themes.themewild.com/vidstream/assets/images/blog/01.jpg]
[themes.themewild.com/vidstream/assets/images/blog/02.jpg]
[themes.themewild.com/vidstream/assets/images/blog/03.jpg]
[themes.themewild.com/vidstream/assets/images/blog/04.jpg]
[themes.themewild.com/vidstream/assets/images/blog/05.jpg]
[themes.themewild.com/vidstream/assets/images/blog/06.jpg]
[themes.themewild.com/vidstream/blog.html]
[themes.themewild.com/vidstream/blog-details.html]
[themes.themewild.com/vidstream/assets/js/contact-form.js]
[themes.themewild.com/vidstream/contact.html]
[themes.themewild.com/vidstream/account-setting.html]
[themes.themewild.com/vidstream/assets/css/variable.css]
[themes.themewild.com/vidstream/assets/fonts/fontawesome-webfont3e6e3e6e.eot]
[themes.themewild.com/vidstream/assets/fonts/fontawesome-webfontd41dd41d.eot]
[themes.themewild.com/vidstream/assets/fonts/fontawesome-webfont3e6e3e6e.html]
[themes.themewild.com/vidstream/assets/fonts/fontawesome-webfont3e6e3e6e.woff]
[themes.themewild.com/vidstream/assets/fonts/fontawesome-webfont3e6e3e6e.ttf]
[themes.themewild.com/vidstream/assets/css/all.min.css]
[themes.themewild.com/vidstream/assets/fonts/fontawesome-webfont3e6e3e6e.svg]
[themes.themewild.com/vidstream/assets/fonts/remixicon4d304d30.eot]
[themes.themewild.com/vidstream/assets/fonts/remixicon4d304d30.html]
[themes.themewild.com/vidstream/assets/fonts/remixicon4d304d30.woff]
[themes.themewild.com/vidstream/assets/fonts/remixicon4d304d30.ttf]
[themes.themewild.com/vidstream/assets/css/remixicon.css]
[themes.themewild.com/vidstream/assets/css/slick.css]
[themes.themewild.com/vidstream/assets/css/slick-theme.css]
[themes.themewild.com/vidstream/assets/css/owl.video.play.html]
[themes.themewild.com/vidstream/assets/css/owl.carousel.min.css]
[themes.themewild.com/vidstream/assets/css/animate.min.css]
[themes.themewild.com/vidstream/assets/css/magnific-popup.css]
[themes.themewild.com/vidstream/assets/css/select2.min.css]
[themes.themewild.com/vidstream/assets/css/select2-bootstrap4.min.css]
[themes.themewild.com/vidstream/assets/css/dark.css]
[themes.themewild.com/vidstream/assets/css/slick-animation.css]
[themes.themewild.com/vidstream/assets/images/loader.svg]
[themes.themewild.com/vidstream/assets/images/shows-banner/single-show.html]
[themes.themewild.com/vidstream/show-signle.html]
[themes.themewild.com/vidstream/assets/fonts/fontawesome-webfont3e6e3e6e.html]
[themes.themewild.com/vidstream/assets/fonts/fontawesome-webfont3e6e3e6e.svg]
[themes.themewild.com/vidstream/assets/fonts/remixicon4d304d30.html]
[themes.themewild.com/vidstream/assets/fonts/remixicon4d304d30.svg]
[themes.themewild.com/vidstream/assets/fonts/remixicon4d304d30.svg]
[themes.themewild.com/vidstream/assets/css/owl.video.play.html]
